<testsuites name="results">
  <testsuite name="all" package="all">
    <property name="random_seed" value="1623932061" />
    <testcase classname="test_adder" name="adder_basic_test" ratio_time="1182.2513458233555" sim_time_ns="2.001" time="0.0016925334930419922">
      <failure />
    </testcase>
    <testcase classname="test_adder" name="adder_randomised_test" ratio_time="9074.123775446185" sim_time_ns="20.000999999999998" time="0.0022041797637939453" />
  </testsuite>
</testsuites>
